*****************************************************************
      SolidWorks Corporation - IGES Processor Status Report
*****************************************************************
=================================================================
General Information
=================================================================
Sending System Product I.D.  : Open CASCADE STEP translator 7.6 1.3^seaway_mini_lifting_surfaces_from_asb_converted.SLDPRT
Receiving System Product I.D.: Open CASCADE STEP translator 7.6 1.3^seaway_mini_lifting_surfaces_from_asb_converted.SLDPRT
File Name                    : C:\Users\peter\Dropbox (MIT)\School\Grad School\2023 Spring\16.821\preliminary_sizing\seaway_mini_CAD_v3\vstab.IGS
Sending System               : SolidWorks 2021
Preprocessor Version         : SolidWorks 2021
File Creation Date           : 230204.134104
Model Creation Date          : 230204.134104
Units                        : MM
Model Space Scale            : 1
Author                       : peter
Organization                 : 


=================================================================
Entity Processing Information
=================================================================


=================================================================
Precision analysis of IGES file:
=================================================================
  Most prevalent number of significant digits:              13
  Highest number of significant digits:                     13
  Average number of significant digits:                 11.871
  Maximum distance to origin:                          1562.12
  Minimum distance to origin:                          1200.53
  Effective number of significant digits:              12.1169


=================================================================
Entity Summary
=================================================================
-----------------------------------------------------------------
Type Name                                         Count Converted
---- ----                                         ----- ---------
102  Composite curve                                  8         8
126  Rational B-spline curve                         24        24
128  Rational B-spline surface                        4         4
142  Curve on a parametric surface                    4         4
144  Trimmed parametric surface                       4         4
314  Color definition                                 1         1
_________________________________________________________________


=================================================================
Result Summary
=================================================================
SolidWorks Feature Type                Count
-----------------------                -----
Solid feature(s)                       1
Surface feature(s)                     0
Curve/Sketch feature(s)                0
--------------------------------------------
Start time: Saturday, February 04, 2023 14:03:30
Finish time: Saturday, February 04, 2023 14:03:31
Processing time: 0 days, 00 hours, 00 mins, 01 secs
